// Jest Snapshot v1, https://goo.gl/fbAQLP

exports[`should render correctly 1`] = `
.c0 {
  display: -webkit-box;
  display: -webkit-flex;
  display: -ms-flexbox;
  display: flex;
}

<div>
  <div>
    {"open":true}
     
    <div>
      Please nominate your chancellor candidate.
    </div>
    <div
      class="c0"
    >
      <button>
        Nominate 
        John
      </button>
      <div>
        {"player":{"name":"John","role":"fascist","title":null}}
         
      </div>
    </div>
    <div
      class="c0"
    >
      <button>
        Nominate 
        Martha
      </button>
      <div>
        {"player":{"name":"Martha","role":"hitler","title":null}}
         
      </div>
    </div>
    <div
      class="c0"
    >
      <button>
        Nominate 
        Bob
      </button>
      <div>
        {"player":{"name":"Bob","role":"liberal","title":null}}
         
      </div>
    </div>
    <div
      class="c0"
    >
      <button>
        Nominate 
        Alice
      </button>
      <div>
        {"player":{"name":"Alice","role":"liberal","title":null}}
         
      </div>
    </div>
    <div
      class="c0"
    >
      <button>
        Nominate 
        Mohammed
      </button>
      <div>
        {"player":{"name":"Mohammed","role":"liberal","title":null}}
         
      </div>
    </div>
  </div>
</div>
`;
